BL51 BANKED LINKER/LOCATER V6.22.2.0                                                    10/27/2019  18:51:42  PAGE 1


BL51 BANKED LINKER/LOCATER V6.22.2.0, INVOKED BY:
F:\KEIL_V5\C51\BIN\BL51.EXE .\HEX\STARTUP.obj, .\HEX\lcd.obj, .\HEX\test.obj TO .\HEX\test PRINT (.\test.m51) RAMSIZE (2
>> 56) CODE (0X0000-0X1FFF)


MEMORY MODEL: SMALL WITH FLOATING POINT ARITHMETIC


INPUT MODULES INCLUDED:
  .\HEX\STARTUP.obj (?C_STARTUP)
  .\HEX\lcd.obj (LCD)
  .\HEX\test.obj (TEST)
  F:\KEIL_V5\C51\LIB\C51FPS.LIB (?C?FPMUL)
  F:\KEIL_V5\C51\LIB\C51FPS.LIB (?C?FPDIV)
  F:\KEIL_V5\C51\LIB\C51FPS.LIB (?C?FCAST)
  F:\KEIL_V5\C51\LIB\C51FPS.LIB (?C?CASTF)
  F:\KEIL_V5\C51\LIB\C51FPS.LIB (?C?FPGETOPN)
  F:\KEIL_V5\C51\LIB\C51S.LIB (?C_INIT)
  F:\KEIL_V5\C51\LIB\C51S.LIB (?C?SIDIV)
  F:\KEIL_V5\C51\LIB\C51S.LIB (?C?LNEG)
  F:\KEIL_V5\C51\LIB\C51S.LIB (?C?SLSHR)
  F:\KEIL_V5\C51\LIB\C51S.LIB (?C?UIDIV)


LINK MAP OF MODULE:  .\HEX\test (?C_STARTUP)


            TYPE    BASE      LENGTH    RELOCATION   SEGMENT NAME
            -----------------------------------------------------

            * * * * * * *   D A T A   M E M O R Y   * * * * * * *
            REG     0000H     0008H     ABSOLUTE     "REG BANK 0"
            DATA    0008H     000DH     UNIT         ?DT?_AD9850_WR_PARREL?TEST
            DATA    0015H     000DH     UNIT         _DATA_GROUP_
            DATA    0022H     000CH     UNIT         ?DT?TEST
            IDATA   002EH     0001H     UNIT         ?STACK

            * * * * * * *   C O D E   M E M O R Y   * * * * * * *
            CODE    0000H     0003H     ABSOLUTE     
            CODE    0003H     0312H     UNIT         ?C?LIB_CODE
            CODE    0315H     0139H     UNIT         ?PR?_AD9850_WR_SERIAL?TEST
            CODE    044EH     00AAH     UNIT         ?PR?_AD9850_WR_PARREL?TEST
            CODE    04F8H     0091H     UNIT         ?PR?DISPLAY3?TEST
            CODE    0589H     008CH     UNIT         ?C_C51STARTUP
            CODE    0615H     003EH     UNIT         ?PR?_LCD_DELAYMS?LCD
            CODE    0653H     002FH     UNIT         ?PR?DISPLAY2?TEST
            CODE    0682H     002EH     UNIT         ?PR?DISPLAY?TEST
            CODE    06B0H     002BH     UNIT         ?PR?_DELAY?TEST
            CODE    06DBH     0029H     UNIT         ?PR?DISPLAY4?TEST
            CODE    0704H     0023H     UNIT         ?PR?KEYSCAN?TEST
            CODE    0727H     001BH     UNIT         ?PR?CHECKK1?TEST
            CODE    0742H     0019H     UNIT         ?PR?LCDINIT?LCD
            CODE    075BH     0015H     UNIT         ?C_INITSEG
            CODE    0770H     0010H     UNIT         ?PR?AD9850_RESET_SERIAL?TEST
            CODE    0780H     0010H     UNIT         ?PR?CHECKK2?TEST
            CODE    0790H     000EH     UNIT         ?CO?TEST
            CODE    079EH     000CH     UNIT         ?PR?INITSCAN?TEST
            CODE    07AAH     000BH     UNIT         ?PR?AD9850_RESET?TEST
BL51 BANKED LINKER/LOCATER V6.22.2.0                                                  10/27/2019  18:51:42  PAGE 2


            CODE    07B5H     000BH     UNIT         ?PR?MAIN?TEST
            CODE    07C0H     0008H     UNIT         ?PR?_LCDWRITECOM?LCD
            CODE    07C8H     0008H     UNIT         ?PR?_LCDWRITEDATE?LCD
            CODE    07D0H     0008H     UNIT         ?PR?ERROR?TEST
            CODE    07D8H     0007H     UNIT         ?PR?INITFREQ?TEST
            CODE    07DFH     0006H     UNIT         ?PR?INIT?TEST



OVERLAY MAP OF MODULE:   .\HEX\test (?C_STARTUP)


SEGMENT                                DATA_GROUP 
  +--> CALLED SEGMENT                START    LENGTH
----------------------------------------------------
?C_C51STARTUP                        -----    -----
  +--> ?PR?MAIN?TEST
  +--> ?C_INITSEG

?PR?MAIN?TEST                        -----    -----
  +--> ?PR?INIT?TEST
  +--> ?PR?LCDINIT?LCD
  +--> ?PR?KEYSCAN?TEST

?PR?LCDINIT?LCD                      -----    -----
  +--> ?PR?_LCDWRITECOM?LCD

?PR?_LCDWRITECOM?LCD                 -----    -----
  +--> ?PR?_LCD_DELAYMS?LCD

?PR?KEYSCAN?TEST                     -----    -----
  +--> ?PR?INITSCAN?TEST
  +--> ?PR?CHECKK1?TEST
  +--> ?PR?CHECKK2?TEST
  +--> ?PR?ERROR?TEST

?PR?INITSCAN?TEST                    -----    -----
  +--> ?PR?_AD9850_WR_SERIAL?TEST
  +--> ?PR?DISPLAY?TEST
  +--> ?PR?DISPLAY3?TEST
  +--> ?PR?DISPLAY2?TEST

?PR?_AD9850_WR_SERIAL?TEST           0015H    000DH
  +--> ?PR?AD9850_RESET_SERIAL?TEST

?PR?AD9850_RESET_SERIAL?TEST         -----    -----
  +--> ?PR?AD9850_RESET?TEST

?PR?DISPLAY?TEST                     0015H    0002H
  +--> ?PR?_LCDWRITECOM?LCD
  +--> ?CO?TEST
  +--> ?PR?_LCDWRITEDATE?LCD

?PR?_LCDWRITEDATE?LCD                -----    -----
  +--> ?PR?_LCD_DELAYMS?LCD

?PR?DISPLAY3?TEST                    -----    -----
BL51 BANKED LINKER/LOCATER V6.22.2.0                                                  10/27/2019  18:51:42  PAGE 3


  +--> ?PR?INITFREQ?TEST
  +--> ?PR?_LCDWRITECOM?LCD
  +--> ?PR?_LCDWRITEDATE?LCD

?PR?DISPLAY2?TEST                    0015H    0002H
  +--> ?PR?_LCDWRITECOM?LCD
  +--> ?CO?TEST
  +--> ?PR?_LCDWRITEDATE?LCD

?PR?ERROR?TEST                       -----    -----
  +--> ?PR?_AD9850_WR_SERIAL?TEST
  +--> ?PR?DISPLAY4?TEST

?PR?DISPLAY4?TEST                    0015H    0002H
  +--> ?PR?LCDINIT?LCD
  +--> ?PR?_LCDWRITECOM?LCD
  +--> ?PR?_LCDWRITEDATE?LCD



SYMBOL TABLE OF MODULE:  .\HEX\test (?C_STARTUP)

  VALUE           TYPE          NAME
  ----------------------------------

  -------         MODULE        ?C_STARTUP
  C:0589H         SEGMENT       ?C_C51STARTUP
  I:002EH         SEGMENT       ?STACK
  C:0000H         PUBLIC        ?C_STARTUP
  D:00E0H         SYMBOL        ACC
  D:00F0H         SYMBOL        B
  D:0083H         SYMBOL        DPH
  D:0082H         SYMBOL        DPL
  N:0000H         SYMBOL        IBPSTACK
  N:0100H         SYMBOL        IBPSTACKTOP
  N:0080H         SYMBOL        IDATALEN
  C:058CH         SYMBOL        IDATALOOP
  N:0000H         SYMBOL        PBPSTACK
  N:0100H         SYMBOL        PBPSTACKTOP
  N:0000H         SYMBOL        PDATALEN
  N:0000H         SYMBOL        PDATASTART
  N:0000H         SYMBOL        PPAGE
  N:0000H         SYMBOL        PPAGEENABLE
  D:00A0H         SYMBOL        PPAGE_SFR
  D:0081H         SYMBOL        SP
  C:0589H         SYMBOL        STARTUP1
  N:0000H         SYMBOL        XBPSTACK
  N:0000H         SYMBOL        XBPSTACKTOP
  N:0000H         SYMBOL        XDATALEN
  N:0000H         SYMBOL        XDATASTART
  C:0000H         LINE#         126
  C:0589H         LINE#         133
  C:058BH         LINE#         134
  C:058CH         LINE#         135
  C:058DH         LINE#         136
  C:058FH         LINE#         185
  C:0592H         LINE#         196
BL51 BANKED LINKER/LOCATER V6.22.2.0                                                  10/27/2019  18:51:42  PAGE 4


  -------         ENDMOD        ?C_STARTUP

  -------         MODULE        LCD
  C:0000H         SYMBOL        _ICE_DUMMY_
  B:00A0H.5       PUBLIC        lcd_rw
  D:0080H         PUBLIC        P0
  D:0090H         PUBLIC        P1
  D:00A0H         PUBLIC        P2
  D:00B0H         PUBLIC        P3
  C:0628H         PUBLIC        _lcd_delayms
  D:00A8H         PUBLIC        IE
  D:00B8H         PUBLIC        IP
  D:0098H         PUBLIC        SCON
  D:0088H         PUBLIC        TCON
  C:07C8H         PUBLIC        _lcdWriteDate
  C:0742H         PUBLIC        lcdInit
  C:07C0H         PUBLIC        _lcdWriteCom
  D:00C8H         PUBLIC        T2CON
  B:00A0H.7       PUBLIC        lcd_e
  B:00A0H.6       PUBLIC        lcd_rs
  D:00D0H         PUBLIC        PSW
  -------         PROC          L?0017
  -------         ENDPROC       L?0017
  -------         PROC          _LCD_DELAYMS
  D:0006H         SYMBOL        c
  -------         DO            
  D:0002H         SYMBOL        a
  D:0004H         SYMBOL        b
  -------         ENDDO         
  C:0628H         LINE#         3
  C:0628H         LINE#         4
  C:0628H         LINE#         6
  C:0631H         LINE#         7
  C:0635H         LINE#         8
  C:0652H         LINE#         9
  -------         ENDPROC       _LCD_DELAYMS
  -------         PROC          _LCDWRITECOM
  D:0007H         SYMBOL        com
  C:07C0H         LINE#         11
  C:07C0H         LINE#         12
  C:07C0H         LINE#         13
  C:07C2H         LINE#         14
  C:07C2H         LINE#         15
  C:07C2H         LINE#         17
  C:07C2H         LINE#         18
  C:07C2H         LINE#         20
  C:07C2H         LINE#         21
  C:07C5H         LINE#         22
  C:07C7H         LINE#         23
  -------         ENDPROC       _LCDWRITECOM
  -------         PROC          _LCDWRITEDATE
  D:0007H         SYMBOL        date
  C:07C8H         LINE#         48
  C:07C8H         LINE#         49
  C:07C8H         LINE#         50
  C:07CAH         LINE#         51
  C:07CAH         LINE#         52
BL51 BANKED LINKER/LOCATER V6.22.2.0                                                  10/27/2019  18:51:42  PAGE 5


  C:07CAH         LINE#         54
  C:07CAH         LINE#         55
  C:07CAH         LINE#         57
  C:07CAH         LINE#         58
  C:07CDH         LINE#         59
  C:07CFH         LINE#         60
  -------         ENDPROC       _LCDWRITEDATE
  -------         PROC          LCDINIT
  C:0742H         LINE#         85
  C:0742H         LINE#         86
  C:0742H         LINE#         87
  C:0747H         LINE#         88
  C:074CH         LINE#         89
  C:0751H         LINE#         90
  C:0756H         LINE#         91
  -------         ENDPROC       LCDINIT
  -------         ENDMOD        LCD

  -------         MODULE        TEST
  C:0000H         SYMBOL        _ICE_DUMMY_
  C:0780H         PUBLIC        checkK2
  D:0090H         PUBLIC        P1
  D:00A0H         PUBLIC        P2
  D:00B0H         PUBLIC        P3
  C:0770H         PUBLIC        ad9850_reset_serial
  C:0790H         PUBLIC        table
  D:00A8H         PUBLIC        IE
  B:00A0H.2       PUBLIC        ad9850_w_clk
  C:06B0H         PUBLIC        _delay
  D:00B8H         PUBLIC        IP
  B:00A0H.1       PUBLIC        ad9850_fq_up
  C:07AAH         PUBLIC        ad9850_reset
  C:07B5H         PUBLIC        main
  C:07D0H         PUBLIC        error
  C:0653H         PUBLIC        display2
  C:04F8H         PUBLIC        display3
  C:06DBH         PUBLIC        display4
  C:0704H         PUBLIC        KeyScan
  D:0098H         PUBLIC        SCON
  D:0088H         PUBLIC        TCON
  C:07DFH         PUBLIC        init
  D:0022H         PUBLIC        temp
  B:0090H.7       PUBLIC        ad9850_bit_data
  C:079EH         PUBLIC        initScan
  B:00A0H.0       PUBLIC        ad9850_rest
  D:0024H         PUBLIC        FValue
  C:07D8H         PUBLIC        initFreq
  D:0026H         PUBLIC        err
  C:032AH         PUBLIC        _ad9850_wr_serial
  D:002CH         PUBLIC        num
  C:044EH         PUBLIC        _ad9850_wr_parrel
  B:00B0H.1       PUBLIC        Key1
  B:00B0H.0       PUBLIC        Key2
  D:00C8H         PUBLIC        T2CON
  C:0682H         PUBLIC        display
  D:00D0H         PUBLIC        PSW
  C:0727H         PUBLIC        checkK1
BL51 BANKED LINKER/LOCATER V6.22.2.0                                                  10/27/2019  18:51:42  PAGE 6


  -------         PROC          INIT
  C:07DFH         LINE#         22
  C:07DFH         LINE#         23
  C:07E4H         LINE#         24
  -------         ENDPROC       INIT
  -------         PROC          AD9850_RESET
  C:07AAH         LINE#         25
  C:07AAH         LINE#         26
  C:07AAH         LINE#         27
  C:07ACH         LINE#         28
  C:07AEH         LINE#         30
  C:07B0H         LINE#         31
  C:07B2H         LINE#         32
  C:07B4H         LINE#         33
  -------         ENDPROC       AD9850_RESET
  -------         PROC          AD9850_RESET_SERIAL
  C:0770H         LINE#         37
  C:0770H         LINE#         38
  C:0770H         LINE#         39
  C:0773H         LINE#         41
  C:0775H         LINE#         42
  C:0777H         LINE#         43
  C:0779H         LINE#         45
  C:077BH         LINE#         46
  C:077DH         LINE#         47
  C:077FH         LINE#         48
  -------         ENDPROC       AD9850_RESET_SERIAL
  -------         PROC          _AD9850_WR_PARREL
  D:0008H         SYMBOL        w0
  D:0009H         SYMBOL        frequence
  -------         DO            
  D:0007H         SYMBOL        w
  D:000DH         SYMBOL        y
  D:0011H         SYMBOL        x
  -------         ENDDO         
  C:044EH         LINE#         52
  C:0450H         LINE#         53
  C:0450H         LINE#         58
  C:045CH         LINE#         60
  C:0477H         LINE#         61
  C:048AH         LINE#         62
  C:0495H         LINE#         64
  C:0497H         LINE#         65
  C:0499H         LINE#         66
  C:049BH         LINE#         67
  C:049DH         LINE#         69
  C:04AAH         LINE#         70
  C:04ACH         LINE#         71
  C:04AEH         LINE#         72
  C:04B0H         LINE#         74
  C:04BDH         LINE#         75
  C:04BFH         LINE#         76
  C:04C1H         LINE#         77
  C:04C3H         LINE#         79
  C:04D0H         LINE#         80
  C:04D2H         LINE#         81
  C:04D4H         LINE#         82
BL51 BANKED LINKER/LOCATER V6.22.2.0                                                  10/27/2019  18:51:42  PAGE 7


  C:04D6H         LINE#         84
  C:04EDH         LINE#         85
  C:04EFH         LINE#         86
  C:04F1H         LINE#         87
  C:04F3H         LINE#         89
  C:04F5H         LINE#         90
  C:04F7H         LINE#         91
  -------         ENDPROC       _AD9850_WR_PARREL
  -------         PROC          L?0077
  -------         ENDPROC       L?0077
  -------         PROC          _AD9850_WR_SERIAL
  D:0015H         SYMBOL        w0
  D:0016H         SYMBOL        frequence
  -------         DO            
  D:0006H         SYMBOL        i
  D:0007H         SYMBOL        w
  D:001AH         SYMBOL        y
  D:001EH         SYMBOL        x
  -------         ENDDO         
  C:032AH         LINE#         95
  C:032CH         LINE#         96
  C:032CH         LINE#         101
  C:0338H         LINE#         103
  C:0353H         LINE#         104
  C:0366H         LINE#         105
  C:0371H         LINE#         107
  C:0380H         LINE#         108
  C:038CH         LINE#         109
  C:038CH         LINE#         110
  C:0399H         LINE#         111
  C:039BH         LINE#         112
  C:039DH         LINE#         113
  C:03A0H         LINE#         115
  C:03ADH         LINE#         116
  C:03B9H         LINE#         117
  C:03B9H         LINE#         118
  C:03C6H         LINE#         119
  C:03C8H         LINE#         120
  C:03CAH         LINE#         121
  C:03CDH         LINE#         123
  C:03DAH         LINE#         124
  C:03E6H         LINE#         125
  C:03E6H         LINE#         126
  C:03F3H         LINE#         127
  C:03F5H         LINE#         128
  C:03F7H         LINE#         129
  C:03FAH         LINE#         131
  C:0407H         LINE#         132
  C:0413H         LINE#         133
  C:0413H         LINE#         134
  C:0420H         LINE#         135
  C:0422H         LINE#         136
  C:0424H         LINE#         137
  C:0427H         LINE#         139
  C:0429H         LINE#         140
  C:0435H         LINE#         141
  C:0435H         LINE#         142
BL51 BANKED LINKER/LOCATER V6.22.2.0                                                  10/27/2019  18:51:42  PAGE 8


  C:0442H         LINE#         143
  C:0444H         LINE#         144
  C:0446H         LINE#         145
  C:0449H         LINE#         147
  C:044BH         LINE#         148
  C:044DH         LINE#         149
  -------         ENDPROC       _AD9850_WR_SERIAL
  -------         PROC          DISPLAY
  -------         DO            
  D:0015H         SYMBOL        i
  -------         ENDDO         
  C:0682H         LINE#         151
  C:0682H         LINE#         152
  C:0682H         LINE#         154
  C:0687H         LINE#         155
  C:068CH         LINE#         156
  C:068CH         LINE#         157
  C:069EH         LINE#         158
  C:06AFH         LINE#         159
  -------         ENDPROC       DISPLAY
  -------         PROC          DISPLAY2
  -------         DO            
  D:0015H         SYMBOL        i
  -------         ENDDO         
  C:0653H         LINE#         160
  C:0653H         LINE#         161
  C:0653H         LINE#         163
  C:0658H         LINE#         164
  C:065EH         LINE#         165
  C:065EH         LINE#         166
  C:0670H         LINE#         167
  C:0681H         LINE#         168
  -------         ENDPROC       DISPLAY2
  -------         PROC          INITFREQ
  C:07D8H         LINE#         169
  C:07D8H         LINE#         170
  C:07DEH         LINE#         171
  -------         ENDPROC       INITFREQ
  -------         PROC          DISPLAY3
  C:04F8H         LINE#         172
  C:04F8H         LINE#         173
  C:04F8H         LINE#         174
  C:04FBH         LINE#         175
  C:0500H         LINE#         176
  C:050FH         LINE#         177
  C:051EH         LINE#         178
  C:0526H         LINE#         179
  C:052BH         LINE#         180
  C:053AH         LINE#         181
  C:0549H         LINE#         182
  C:0551H         LINE#         183
  C:0556H         LINE#         184
  C:0565H         LINE#         185
  C:0574H         LINE#         186
  C:057CH         LINE#         187
  C:0581H         LINE#         188
  -------         ENDPROC       DISPLAY3
BL51 BANKED LINKER/LOCATER V6.22.2.0                                                  10/27/2019  18:51:42  PAGE 9


  -------         PROC          DISPLAY4
  -------         DO            
  D:0015H         SYMBOL        i
  -------         ENDDO         
  C:06DBH         LINE#         190
  C:06DBH         LINE#         192
  C:06DEH         LINE#         193
  C:06E3H         LINE#         194
  C:06E8H         LINE#         195
  C:06E8H         LINE#         196
  C:06F2H         LINE#         197
  C:0703H         LINE#         198
  -------         ENDPROC       DISPLAY4
  -------         PROC          ERROR
  C:07D0H         LINE#         199
  C:07D0H         LINE#         200
  C:07D0H         LINE#         201
  C:07D0H         LINE#         202
  C:07D3H         LINE#         203
  C:07D6H         LINE#         204
  -------         ENDPROC       ERROR
  -------         PROC          _DELAY
  D:0006H         SYMBOL        c
  -------         DO            
  D:0002H         SYMBOL        a
  D:0004H         SYMBOL        b
  -------         ENDDO         
  C:06B0H         LINE#         206
  C:06B0H         LINE#         207
  C:06B0H         LINE#         209
  C:06B9H         LINE#         210
  C:06BDH         LINE#         211
  C:06DAH         LINE#         212
  -------         ENDPROC       _DELAY
  -------         PROC          INITSCAN
  C:079EH         LINE#         213
  C:079EH         LINE#         214
  C:079EH         LINE#         215
  C:07A1H         LINE#         216
  C:07A4H         LINE#         217
  C:07A7H         LINE#         218
  -------         ENDPROC       INITSCAN
  -------         PROC          CHECKK1
  C:0727H         LINE#         220
  C:0727H         LINE#         221
  C:072AH         LINE#         222
  C:072AH         LINE#         224
  C:0735H         LINE#         225
  C:0736H         LINE#         226
  C:0739H         LINE#         227
  C:073EH         LINE#         228
  C:0741H         LINE#         229
  C:0741H         LINE#         230
  -------         ENDPROC       CHECKK1
  -------         PROC          CHECKK2
  C:0780H         LINE#         231
  C:0780H         LINE#         232
BL51 BANKED LINKER/LOCATER V6.22.2.0                                                  10/27/2019  18:51:42  PAGE 10


  C:0783H         LINE#         233
  C:0783H         LINE#         235
  C:078FH         LINE#         236
  C:078FH         LINE#         237
  -------         ENDPROC       CHECKK2
  -------         PROC          KEYSCAN
  C:0704H         LINE#         238
  C:0704H         LINE#         239
  C:0704H         LINE#         240
  C:0707H         LINE#         241
  C:071DH         LINE#         242
  C:0720H         LINE#         243
  C:0723H         LINE#         244
  C:0723H         LINE#         245
  C:0723H         LINE#         246
  C:0726H         LINE#         247
  C:0726H         LINE#         248
  -------         ENDPROC       KEYSCAN
  -------         PROC          MAIN
  C:07B5H         LINE#         249
  C:07B5H         LINE#         250
  C:07B5H         LINE#         251
  C:07B8H         LINE#         252
  C:07BBH         LINE#         253
  C:07BBH         LINE#         254
  C:07BEH         LINE#         255
  -------         ENDPROC       MAIN
  -------         ENDMOD        TEST

  -------         MODULE        ?C?FPMUL
  C:0003H         PUBLIC        ?C?FPMUL
  -------         ENDMOD        ?C?FPMUL

  -------         MODULE        ?C?FPDIV
  C:010CH         PUBLIC        ?C?FPDIV
  -------         ENDMOD        ?C?FPDIV

  -------         MODULE        ?C?FCAST
  C:01B3H         PUBLIC        ?C?FCASTC
  C:01AEH         PUBLIC        ?C?FCASTI
  C:01A9H         PUBLIC        ?C?FCASTL
  -------         ENDMOD        ?C?FCAST

  -------         MODULE        ?C?CASTF
  C:01E7H         PUBLIC        ?C?CASTF
  -------         ENDMOD        ?C?CASTF

  -------         MODULE        ?C?SIDIV
  C:0268H         PUBLIC        ?C?SIDIV
  -------         ENDMOD        ?C?SIDIV

  -------         MODULE        ?C?LNEG
  C:029EH         PUBLIC        ?C?LNEG
  -------         ENDMOD        ?C?LNEG

  -------         MODULE        ?C?SLSHR
  C:02ACH         PUBLIC        ?C?SLSHR
BL51 BANKED LINKER/LOCATER V6.22.2.0                                                  10/27/2019  18:51:42  PAGE 11


  -------         ENDMOD        ?C?SLSHR

  -------         MODULE        ?C?UIDIV
  C:02C0H         PUBLIC        ?C?UIDIV
  -------         ENDMOD        ?C?UIDIV

*** WARNING L16: UNCALLED SEGMENT, IGNORED FOR OVERLAY PROCESS
    SEGMENT: ?PR?_AD9850_WR_PARREL?TEST

*** WARNING L16: UNCALLED SEGMENT, IGNORED FOR OVERLAY PROCESS
    SEGMENT: ?PR?_DELAY?TEST

Program Size: data=47.0 xdata=0 code=2021
LINK/LOCATE RUN COMPLETE.  2 WARNING(S),  0 ERROR(S)
